org.junit.jupiter.params@${jupiterVersion} jar:file:.+junit-jupiter-params/build/libs/junit-jupiter-params-${jupiterVersion}.jar/!module-info.class
exports org.junit.jupiter.params
exports org.junit.jupiter.params.aggregator
exports org.junit.jupiter.params.converter
exports org.junit.jupiter.params.provider
exports org.junit.jupiter.params.support
requires java.base mandated
requires org.apiguardian.api transitive
requires org.junit.jupiter.api transitive